[  0.00s] 
[  0.00s] ########## inline pane (default) ##########
[  4.87s] PASS  baseline: vim on a bare pty can be driven to write the file (the control works)
[  4.87s] spawned target/debug/looprs (pid 22449) in a 40x132 pty
[  9.41s] PASS  vim starts under looprs without the 'not to a terminal' warning
[ 12.16s] PASS  the typed text reaches the screen while the program holds it
[ 12.16s] screen paint: baseline 118 chars, looprs 407 chars
[ 12.16s] PASS  a whole screen of paint reaches the user, not just the typed characters
[ 15.28s] PASS  Esc + `:wq!` writes the file (Esc reached vim as Esc, `:` as `:`)
[ 15.28s] PASS  the app never reported an interrupt during the vim session (Esc was not 0x03)
[ 15.28s] PASS  vim: the file name was drawn (baseline drew it, looprs showed it too)
[ 15.28s] PASS  vim: the blank-line `~` filler was drawn (baseline drew it, looprs showed it too)
[ 15.28s] PASS  vim: the typed text landed at the cursor (baseline drew it, looprs showed it too)
[ 15.28s] n/a   vim: a status/ruler line was drawn (line/column text)  -- the bare pty never drew it either, so it is not a signal here (checking for it would prove nothing)
[ 15.34s] PASS  after vim, the shell still runs commands and they reach the screen
[ 15.45s] PASS  Ctrl-Q quits after vim
[ 17.57s] baseline: less's first screen reaches line 039 (filler not drawn)
[ 21.41s] PASS  less shows the top of the file
[ 21.41s] PASS  less's own status line is on screen
[ 21.41s] PASS  the first screen is as full as the bare one (reaches line 039)
[ 22.92s] PASS  scrolling down reveals lines below the first screen (past 039)
[ 24.43s] PASS  scrolling back to the top shows line 001 again
[ 26.00s] PASS  quitting less leaves the shell usable and the screen ours
[ 26.11s] PASS  Ctrl-Q quits after less
[ 30.94s] PASS  a program that repaints in place is shown while it runs
[ 31.00s] PASS  when it ends, the shell is usable again (the screen came back on the command boundary)
[ 31.11s] PASS  Ctrl-Q quits after the repainting program
[ 31.12s] n/a   the alt-screen handover checks  -- this run has no alternate screen; they run under LOOPRS_MODES=all, below
[ 31.12s] 
[ 31.12s] ########## alternate screen: all ##########
[ 35.98s] PASS  baseline: vim on a bare pty can be driven to write the file (the control works)
[ 35.98s] spawned target/debug/looprs (pid 23304) in a 40x132 pty
[ 40.51s] PASS  vim starts under looprs without the 'not to a terminal' warning
[ 43.26s] PASS  the typed text reaches the screen while the program holds it
[ 43.26s] screen paint: baseline 118 chars, looprs 118 chars
[ 43.26s] PASS  a whole screen of paint reaches the user, not just the typed characters
[ 46.38s] PASS  Esc + `:wq!` writes the file (Esc reached vim as Esc, `:` as `:`)
[ 46.38s] PASS  the app never reported an interrupt during the vim session (Esc was not 0x03)
[ 46.38s] PASS  vim: the file name was drawn (baseline drew it, looprs showed it too)
[ 46.38s] PASS  vim: the blank-line `~` filler was drawn (baseline drew it, looprs showed it too)
[ 46.38s] PASS  vim: the typed text landed at the cursor (baseline drew it, looprs showed it too)
[ 46.38s] n/a   vim: a status/ruler line was drawn (line/column text)  -- the bare pty never drew it either, so it is not a signal here (checking for it would prove nothing)
[ 46.44s] PASS  after vim, the shell still runs commands and they reach the screen
[ 46.55s] PASS  Ctrl-Q quits after vim
[ 48.67s] baseline: less's first screen reaches line 039 (filler not drawn)
[ 52.51s] PASS  less shows the top of the file
[ 52.51s] PASS  less's own status line is on screen
[ 52.51s] PASS  the first screen is as full as the bare one (reaches line 039)
[ 54.01s] PASS  scrolling down reveals lines below the first screen (past 039)
[ 55.52s] PASS  scrolling back to the top shows line 001 again
[ 57.09s] PASS  quitting less leaves the shell usable and the screen ours
[ 57.20s] PASS  Ctrl-Q quits after less
[ 62.05s] PASS  a program that repaints in place is shown while it runs
[ 62.11s] PASS  when it ends, the shell is usable again (the screen came back on the command boundary)
[ 62.22s] PASS  Ctrl-Q quits after the repainting program
[ 62.22s] 
[ 62.22s] --- alt-screen handover: vim takes the screen we are living in ---
[ 64.55s] PASS  alt: one `?1049h` on the wire before the child, ours at startup
[ 67.06s] PASS  alt: the child's `?1049h` never reached the wire
[ 67.06s] PASS  alt: the child was handed a blank canvas instead of a screen switch
[ 69.66s] PASS  alt: the child's paint reaches the user while it holds the screen
[ 69.66s] PASS  alt: no `?1049l` during the run -- the user stays on our screen
[ 69.66s] PASS  alt: the child's non-screen modes are not cut (cursor hide passed through)
[ 72.78s] PASS  alt: the child's leave was cut too; looprs never left its own screen
[ 72.78s] PASS  alt: the takeback cleared the screen before repainting
[ 72.78s] PASS  alt: the child really did switch the mouse off (control)
[ 72.78s] PASS  alt: mouse reporting is on again after the child
[ 72.78s] PASS  alt: bracketed paste is on again after the child
[ 72.78s] PASS  alt: the child left no watched mode different from before it took the screen
[ 72.78s] PASS  alt: the re-assert does NOT re-enter the alternate screen
[ 72.84s] PASS  alt: a command runs after the handback
[ 72.84s] PASS  alt: across the whole run, the main screen was never shown and never saved
[ 72.95s] PASS  alt: Ctrl-Q quits
[ 72.95s] PASS  alt: the exit leaves the alternate screen exactly once
[ 72.95s] PASS  alt: the one leave is the exit's own, after the quit was pressed
[ 72.95s] 
[ 72.95s] --- alt screen: the child is killed while holding it ---
[ 78.80s] PASS  killed: the child entered and painted on the screen handed to it
[ 78.80s] PASS  killed: the child's enter was cut
[ 78.80s] PASS  killed: a child SIGKILLed inside the screen owes no leave
[ 78.85s] PASS  killed: the app repaints and runs the next command
[ 78.85s] PASS  killed: the app never left its own screen
[ 78.85s] 
[ 78.85s] --- alt screen: the child returns to line output, not to a screen ---
[ 84.19s] PASS  returned: the child's paint arrived on the canvas it was handed
[ 84.19s] PASS  returned: the child's `?1049l` never reached the terminal
[ 84.19s] PASS  returned: the child kept drawing and it went to the transcript
[ 84.19s] PASS  returned: the app is still on its own screen afterwards
[ 84.25s] PASS  returned: usable after the child went back to line output
[ 84.25s] 70/70 checks passed
