[  0.00s] --- claim 1: a selection driven from outside the app (SGR 1006 -> crossterm)
[  1.59s]     probe SUMMARY mouse=13 key=0 paste=0 resize=0 other=0 raw_bytes=0 last_t=13.545
[  1.59s] PASS  inject: every report produced exactly one event, none merged or dropped
[  1.59s] PASS  inject: kind+button mapping correct for all 13 report types
[  1.59s] NUM   wire coordinate (1-based) minus reported cell, over all 13 reports = [(1, 1)]
[  1.59s] PASS  inject: the mapping is a constant -1 on both axes
[  1.59s] NUM   max reported col,row in a 100 x 32 grid = 23,18
[  1.59s] PASS  inject: every report lands inside the grid the pty was sized to
[  1.59s] NUM   crossterm modifier bits for press left + shift = 1
[  1.59s] PASS  inject: press left + shift arrives with SHIFT set
[  1.59s] NUM   crossterm modifier bits for press left + alt = 4
[  1.59s] PASS  inject: press left + alt arrives with ALT set
[  1.59s] NUM   crossterm modifier bits for press left + ctrl = 2
[  1.59s] PASS  inject: press left + ctrl arrives with CONTROL set
[  1.59s] --- claim 4a: burst capacity of the mouse path
[  3.02s] NUM   10 scroll reports in one 120-byte write = decoded=10/10 probe-clock span=0.025ms worst_gap=0.007ms rate=400000/s pty_chunks_to_harness=5
[  3.02s] PASS  burst 10: nothing lost or merged on the way in
[  4.44s] NUM   50 scroll reports in one 600-byte write = decoded=50/50 probe-clock span=0.100ms worst_gap=0.006ms rate=500000/s pty_chunks_to_harness=41
[  4.44s] PASS  burst 50: nothing lost or merged on the way in
[  5.86s] NUM   128 scroll reports in one 1536-byte write = decoded=128/128 probe-clock span=0.282ms worst_gap=0.036ms rate=453901/s pty_chunks_to_harness=97
[  5.86s] PASS  burst 128: nothing lost or merged on the way in
[  5.86s]         A real flick is a burst of scroll events at a rate no script knows.
[  5.86s]         Measured above is the ceiling the flick has to fit under; the
[  5.86s]         flick's own shape is the missing half.
[  5.86s] N/A   4b. the shape of one physical trackpad flick (events per flick, their spacing) -- there is no finger on this path; the numbers above are the capacity of the wire and the parser, not of the input device
[  5.86s]       to measure: `--in-terminal --record-flick` inside a real terminal, and move the trackpad when it asks
[  5.86s] --- claim 5a: shift-drag reaches the app at all
[  6.98s] PASS  shift: both shift-drag reports arrive as Drag with SHIFT set
[  6.98s] NUM   shift-modified drag reports delivered = 2
[  6.98s] N/A   5b. whether shift-drag still reaches the terminal's NATIVE selection while we hold 1000+1002+1006 -- that is a property of the window, not of the byte stream: nothing comes back up the pty to say whether a selection band got painted
[  6.98s]       to measure: `--in-terminal`, which turns the three mouse modes on and asks for two shift-drags and a y/n answer
[  6.98s] --- claim 6: the terminal is handed back in the mode set it started in
[  6.99s]     baseline lflags=1483 ICANON=True ECHO=True
[  9.91s]     quit rc=0 in 0.00s taken={'alt_screen': 1, 'cursor_hidden': 1, 'mouse_report': 1, 'mouse_drag': 1, 'mouse_sgr': 1, 'bracketed_paste': 1} left_whole_run={'cursor_hidden': 3, 'bracketed_paste': 1, 'mouse_sgr': 1, 'mouse_drag': 1, 'mouse_report': 1, 'alt_screen': 1} left_after_quit_key={'bracketed_paste': 1, 'mouse_sgr': 1, 'mouse_drag': 1, 'mouse_report': 1, 'cursor_hidden': 1, 'alt_screen': 1}
[  9.91s] PASS  modes: the whole requested set went on
[  9.91s] PASS  modes: every mode that went on came back off exactly once
[  9.91s] NUM   cursor_hidden clears over the whole run (frames end with ?25h; the last is the hand-back) = on=1 off=3
[  9.91s] PASS  modes: nothing is still switched on when the app is gone
[  9.91s] PASS  modes: the tty is cooked again
[  9.91s] PASS  modes: the cursor is visible again
[  9.91s] NUM   leave sequences written after the quit key = 6
[  9.91s]     lflags after exit: 1483 (baseline 1483)
[  9.91s] --- claim 7: what a full-screen child does to our mouse capture
[  9.92s]     vim: VIM - Vi IMproved 9.1 (2024 Jan 02, compiled Jul 31 2026 22:26:31)
[ 10.68s]     [vim -u NONE, vim's own mouse default] settled; 1345 bytes on the wire so far
[ 11.19s]     [vim -u NONE, vim's own mouse default]
[ 11.19s]         taken={'mouse_report': 1, 'mouse_drag': 1, 'mouse_sgr': 1, 'bracketed_paste': 1, 'alt_screen': 1, 'cursor_hidden': 2}
[ 11.19s]         left_off={'cursor_hidden': 2, 'bracketed_paste': 2, 'alt_screen': 1} still_on_at_end=['mouse_drag', 'mouse_report', 'mouse_sgr']
[ 11.19s]         (tty_cooked is not a measurement here: the harness put the tty raw to stand in for the app's raw mode and only the app would restore it)
[ 11.19s] NUM   vim -u NONE, vim's own mouse default: our mouse modes this child switched off = none
[ 11.19s] PASS  vim: vim -u NONE, vim's own mouse default does not leave the alternate screen on
[ 11.95s]     [vim with :set mouse=a (mouse-tracking vim)] settled; 1366 bytes on the wire so far
[ 12.46s]     [vim with :set mouse=a (mouse-tracking vim)]
[ 12.46s]         taken={'mouse_report': 2, 'mouse_drag': 2, 'mouse_sgr': 2, 'bracketed_paste': 1, 'alt_screen': 1, 'cursor_hidden': 2}
[ 12.46s]         left_off={'cursor_hidden': 2, 'mouse_sgr': 1, 'mouse_report': 1, 'mouse_drag': 1, 'bracketed_paste': 2, 'alt_screen': 1} still_on_at_end=[]
[ 12.46s]         (tty_cooked is not a measurement here: the harness put the tty raw to stand in for the app's raw mode and only the app would restore it)
[ 12.46s] NUM   vim with :set mouse=a (mouse-tracking vim): our mouse modes this child switched off = ['mouse_drag', 'mouse_report', 'mouse_sgr']
[ 12.46s] PASS  vim: vim with :set mouse=a (mouse-tracking vim) does not leave the alternate screen on
[ 13.22s]     [vim :set mouse=a, SIGKILLed while it holds the tty] settled; 1366 bytes on the wire so far
[ 13.93s]     [vim :set mouse=a, SIGKILLed while it holds the tty]
[ 13.93s]         taken={'mouse_report': 2, 'mouse_drag': 2, 'mouse_sgr': 2, 'bracketed_paste': 1, 'alt_screen': 1, 'cursor_hidden': 1}
[ 13.93s]         left_off={'cursor_hidden': 1} still_on_at_end=['alt_screen', 'bracketed_paste', 'mouse_drag', 'mouse_report', 'mouse_sgr']
[ 13.93s]         (tty_cooked is not a measurement here: the harness put the tty raw to stand in for the app's raw mode and only the app would restore it)
[ 13.93s] PASS  vim control: the killed child leaves residue for us to clean up
[ 13.93s] N/A   7b. what the user's screen looks like while vim holds our alternate screen -- the pty has no window; the byte stream says which modes changed, not what a person saw
[ 13.93s]       to measure: run vim inside a real terminal window during the --in-terminal leg
[ 13.93s] --- claim 2a: the OSC 52 bytes we put on the wire
[ 20.36s] PASS  clipboard: the emitted sequence is ESC ] 52 ; c ; <base64> ESC \ 
[ 20.36s] NUM   OSC 52 wire shape = prefix=b'\x1b]52;c;M' b64_bytes=156 payload_bytes=115 terminator=1b5c
[ 20.36s] PASS  clipboard: the base64 body decodes to the exact bytes the copy asked for
[ 28.85s] PASS  clipboard: a copy written in 7 chunks reassembles to one OSC 52 sequence
[ 28.85s] NUM   the fragmented copy arrived at the harness as = 9 pty chunks (biggest 92B)
[ 33.28s] NUM   read-back query (ESC ] 52 ; c ; ?) in a bare pty = bytes_back=0 recognised_reply=false
[ 33.28s] PASS  clipboard: a bare pty answers nothing to the read-back query (no emulator behind it)
[ 33.30s] PASS  clipboard: this host's read-back tool (pbpaste) is honest
[ 33.30s] === summary ===
[ 33.30s] 24/24 checks passed
[ 33.30s] 16 numbers recorded -- wire coordinate (1-based) minus reported cell, over all 13 reports=[(1, 1)]; max reported col,row in a 100 x 32 grid=23,18; crossterm modifier bits for press left + shift=1; crossterm modifier bits for press left + alt=4, ...
[ 33.30s] 3 thing(s) this environment could not measure:
[ 33.30s]   - 4b. the shape of one physical trackpad flick (events per flick, their spacing): there is no finger on this path; the numbers above are the capacity of the wire and the parser, not of the input device -> `--in-terminal --record-flick` inside a real terminal, and move the trackpad when it asks
[ 33.30s]   - 5b. whether shift-drag still reaches the terminal's NATIVE selection while we hold 1000+1002+1006: that is a property of the window, not of the byte stream: nothing comes back up the pty to say whether a selection band got painted -> `--in-terminal`, which turns the three mouse modes on and asks for two shift-drags and a y/n answer
[ 33.30s]   - 7b. what the user's screen looks like while vim holds our alternate screen: the pty has no window; the byte stream says which modes changed, not what a person saw -> run vim inside a real terminal window during the --in-terminal leg
