^D=== Option B - portable-pty 0.9 ===
bash bin: /bin/bash
NOTE[ 1510ms] harness writes raw bytes "\u{3}"
NOTE[ 3327ms] resize sent to pty
NOTE[ 6752ms] harness writes raw bytes "iHELLO-FROM-VIM\r"
NOTE[ 7555ms] harness writes raw bytes "\u{1b}:wq!\r"

--- timeline ([ms since spawn], every line the child emitted) ---
[     0ms] echo "PROBE pre_interrupt"
[     0ms] sleep 6
[     5ms] 
[     5ms] The default interactive shell is now zsh.
[     5ms] To update your account to use zsh, please run `chsh -s /bin/zsh`.
[     5ms] For more details, please visit https://support.apple.com/kb/HT208050.
[     6ms] <ESC>[?1034hbash-3.2$ echo "PROBE pre_interrupt"
[     6ms] PROBE pre_interrupt
[     6ms] bash-3.2$ sleep 6
[  1511ms] ^C
[  1820ms] bash-3.2$ echo "PROBE post_interrupt"
[  1820ms] PROBE post_interrupt
[  1821ms] bash-3.2$ [ -t 0 ] && echo "PROBE stdin=tty" || echo "PROBE stdin=piped"
[  1821ms] PROBE stdin=tty
[  1822ms] bash-3.2$ [ -t 1 ] && echo "PROBE stdout=tty" || echo "PROBE stdout=piped"
[  1823ms] PROBE stdout=tty
[  1823ms] bash-3.2$ [ -t 2 ] && echo "PROBE stderr=tty" || echo "PROBE stderr=piped"
[  1824ms] PROBE stderr=tty
[  1824ms] bash-3.2$ child_tty=$(ps -o tty= -p $$ 2>/dev/null | tr -d ' ')
[  1834ms] bash-3.2$ parent_tty=$(ps -o tty= -p $PPID 2>/dev/null | tr -d ' ')
[  1844ms] bash-3.2$ echo "PROBE child_tty=${child_tty:-none} harness_tty=${parent_tty:-none} same=$([ "$ch … (+52 bytes)
[  1846ms] PROBE child_tty=ttys004 harness_tty=ttys003 same=no
[  1846ms] bash-3.2$ if ( : <>/dev/tty ) 2>/dev/null; then
[  1846ms] >   echo "PROBE dev_tty=openable=yes"
[  1847ms] > else
[  1847ms] >   echo "PROBE dev_tty=openable=no"
[  1847ms] > fi
[  1848ms] PROBE dev_tty=openable=yes
[  1849ms] bash-3.2$ echo "PROBE cwd_before=$(pwd)"
[  1849ms] PROBE cwd_before=/Users/danielstahl
[  1850ms] bash-3.2$ cd /tmp
[  1850ms] bash-3.2$ echo "PROBE cwd_after_cd=$(pwd)"
[  1851ms] PROBE cwd_after_cd=/tmp
[  1851ms] bash-3.2$ export LOOPRS_SPIKE=42
[  1852ms] bash-3.2$ echo "PROBE env_across_writes=$LOOPRS_SPIKE"
[  1852ms] PROBE env_across_writes=42
[  1852ms] bash-3.2$ alias ll='echo alias-works'
[  1852ms] bash-3.2$ ll
[  1852ms] alias-works
[  1852ms] bash-3.2$ sleep 3 &
[  1853ms] [1] 58005
[  1853ms] bash-3.2$ sleep 0.5
[  2369ms] bash-3.2$ echo "PROBE jobs_visible=$(jobs -l 2>/dev/null | wc -l | tr -d ' ')"
[  2378ms] PROBE jobs_visible=1
[  2379ms] bash-3.2$ for i in 1 2 3 4 5 6; do echo "PROBE o$i-stdout"; echo "PROBE e$i-stderr" >&2; done
[  2379ms] PROBE o1-stdout
[  2379ms] PROBE e1-stderr
[  2379ms] PROBE o2-stdout
[  2379ms] PROBE e2-stderr
[  2379ms] PROBE o3-stdout
[  2379ms] PROBE e3-stderr
[  2379ms] PROBE o4-stdout
[  2379ms] PROBE e4-stderr
[  2379ms] PROBE o5-stdout
[  2379ms] PROBE e5-stderr
[  2379ms] PROBE o6-stdout
[  2380ms] PROBE e6-stderr
[  2380ms] bash-3.2$ echo "PROBE stty_before=$(stty size 2>&1 | tr -d '\n')"
[  2387ms] PROBE stty_before=30 100
[  2387ms] bash-3.2$ echo "PROBE env_size=COLUMNS=${COLUMNS:-unset} LINES=${LINES:-unset}"
[  2387ms] PROBE env_size=COLUMNS=100 LINES=30
[  3837ms] bash-3.2$ <ESC>[Kbash-3.2$ echo "PROBE stty_after_resize=$(stty size 2>&1 | tr -d '\n')"
[  3848ms] PROBE stty_after_resize=40 120
[  3849ms] bash-3.2$ rm -f /tmp/.looprs_spike_vim.txt.swp /tmp/looprs_spike_vim.txt
[  4248ms] bash-3.2$ vim -u NONE -i NONE -n -X -c 'set noswapfile' /tmp/looprs_spike_vim.txt
[  7563ms] <ESC>[?1049h<ESC>[>4;2m<ESC>[?1h<ESC>=<ESC>[?2004h<ESC>[1;40r<ESC>[?12h<ESC>[?12l<ESC>[22;2t<ESC … (+5382 bytes)
[  7564ms] <ESC>[?2004l<ESC>[?1l<ESC>><ESC>[?1049l<ESC>[?25h<ESC>[>4;m[1]+  Done                    sleep 3
[  9063ms] bash-3.2$ echo "PROBE vim_returned=$?"
[  9064ms] PROBE vim_returned=0
[  9065ms] bash-3.2$ echo "PROBE vim_wrote_file=[$(cat /tmp/looprs_spike_vim.txt 2>/dev/null)]"
[  9075ms] PROBE vim_wrote_file=[HELLO-FROM-VIM]
[  9075ms] bash-3.2$ sudo -k 2>/dev/null
[  9091ms] bash-3.2$ sudo -n true >/tmp/looprs_spike_sudo.out 2>&1
[  9112ms] bash-3.2$ echo "PROBE sudo_n exit=$? msg=$(head -1 /tmp/looprs_spike_sudo.out)"
[  9116ms] PROBE sudo_n exit=1 msg=sudo: a password is required
[  9116ms] bash-3.2$ printf 'not-a-real-password\n' | sudo -S true >/tmp/looprs_spike_sudo_s.out 2>&1
[ 11165ms] bash-3.2$ echo "PROBE sudo_S exit=$? msg=$(head -1 /tmp/looprs_spike_sudo_s.out)"
[ 11170ms] PROBE sudo_S exit=1 msg=Password:Sorry, try again.
[ 11170ms] bash-3.2$ echo "PROBE done"

--- PROBE results ---
PROBE pre_interrupt
PROBE post_interrupt
PROBE stdin=tty
PROBE stdout=tty
PROBE stderr=tty
PROBE child_tty=ttys004 harness_tty=ttys003 same=no
PROBE dev_tty=openable=yes
PROBE cwd_before=/Users/danielstahl
PROBE cwd_after_cd=/tmp
PROBE env_across_writes=42
PROBE jobs_visible=1
PROBE o1-stdout
PROBE e1-stderr
PROBE o2-stdout
PROBE e2-stderr
PROBE o3-stdout
PROBE e3-stderr
PROBE o4-stdout
PROBE e4-stderr
PROBE o5-stdout
PROBE e5-stderr
PROBE o6-stdout
PROBE e6-stderr
PROBE stty_before=30 100
PROBE env_size=COLUMNS=100 LINES=30
PROBE stty_after_resize=40 120
PROBE vim_returned=0
PROBE vim_wrote_file=[HELLO-FROM-VIM]
PROBE sudo_n exit=1 msg=sudo: a password is required
PROBE sudo_S exit=1 msg=Password:Sorry, try again.

--- marker checks (against the raw byte stream) ---
alt-screen entered (ESC[?1049h / ESC[?47h)           YES
vim painted typed text on its screen                 YES
vim 'not to a terminal' warning                      no 
vim 'Error reading input' fatal                      no 
bash 'no job control in this shell'                  no 
Ctrl-C echoed as ^C by a line discipline             YES
macOS 'default interactive shell is now zsh' noise   YES
bash prompt seen in stream (PS1)                     YES
colored/ANSI escapes present (count)                 YES
Ctrl-C gap                                           1.81s after `sleep 6` => INTERRUPTED
stdout/stderr merged in program order                YES
