[  0.00s] === quit mid-stream: the answer is on screen, then the app is gone ===
[  0.00s] spawned /tmp/looprs-pdl3-control/pi-beads/looprs/target/debug/looprs (pid 91034) in a 44x100 pty
[  0.01s]   pump saw ESC[6n cursor query
[  1.51s] PASS  the app boots and is alive
[  2.12s]   pump saw ESC[6n cursor query
[  2.34s]   pump saw ESC[6n cursor query
[  2.56s]   pump saw ESC[6n cursor query
[  2.80s]   pump saw ESC[6n cursor query
[  3.03s]   pump saw ESC[6n cursor query
[  3.25s]   pump saw ESC[6n cursor query
[  3.49s]   pump saw ESC[6n cursor query
[  3.70s]   pump saw ESC[6n cursor query
[  3.94s]   pump saw ESC[6n cursor query
[  4.16s]   pump saw ESC[6n cursor query
[  4.39s]   pump saw ESC[6n cursor query
[  4.43s] PASS  the answer is streaming into the live region
[  4.75s] PASS  the app exits on Ctrl-Q
[  4.75s] PASS  exit code is 0
[  4.75s] PASS  no 'cursor position could not be read' anywhere in the run
[  4.75s] PASS  the live pane is erased on the way out
[  4.75s] PASS  no cursor query on the exit path
[  4.75s] PASS  nothing on screen was lost: the live tail was flushed ABOVE the erase line
[  4.75s] PASS  exactly one closing newline after the erase (no doubled prompt)
[  4.75s] PASS  nothing between the erase and the newline but the ledger's own bytes
[  4.75s] FAIL  the ledger's own bytes come before the closing newline, not after it  -- the run does not end on the hand-back: '\r\n\x1b[?25h'
[  4.75s] PASS  inline quit: no alt_screen leave for a mode nothing switched on
[  4.75s] PASS  inline quit: cursor_hidden was switched on
[  4.75s] PASS  inline quit: cursor_hidden is off at the end
[  4.75s] PASS  inline quit: no mouse_report leave for a mode nothing switched on
[  4.75s] PASS  inline quit: no mouse_drag leave for a mode nothing switched on
[  4.75s] PASS  inline quit: no mouse_sgr leave for a mode nothing switched on
[  4.75s] PASS  inline quit: no bracketed_paste leave for a mode nothing switched on
[  4.75s] PASS  inline quit: the cursor is visible at the end
[  4.75s] PASS  the tty is cooked again after exit
[  4.77s] PASS  no bash from the generated rcfile survived
[  4.81s] PASS  no fake pi survived the app
[  4.81s] exited 0.32s after the quit key, code 0
[  4.81s] === quit with a Bash child running: the shell goes with the app ===
[  4.82s]   pump saw ESC[6n cursor query
[  8.64s] PASS  the shell is up and busy
[ 11.07s] PASS  the app exits on Ctrl-Q with a busy shell
[ 11.07s] PASS  exit code is 0
[ 11.07s] PASS  the exit stayed inside the budget
[ 11.11s] PASS  no shell from our rcfile outlived the app
[ 11.13s] PASS  no stray `sleep 30` from that shell
[ 11.13s] PASS  the tty is cooked again after exit
[ 11.13s] PASS  no 'could not be read' error at the end of the run
[ 11.13s] === a child that will not stop: the budget has to be the answer ===
[ 11.14s]   pump saw ESC[6n cursor query
[ 14.26s] PASS  the wedged child is up
[ 16.59s] PASS  the app exits even with a child that ignores everything
[ 16.59s] PASS  exit code is 0
[ 16.59s] PASS  the exit stayed inside the 8.0s budget
[ 16.63s] PASS  the wedged child was killed, not left behind
[ 16.63s] PASS  the tty is cooked again after exit
[ 16.63s] exited 2.33s after the quit key against a child that ignored SIGTERM
[ 16.63s] === the whole mode set: alt screen, mouse, bracketed paste, hidden cursor ===
[ 16.64s]   pump saw ESC[6n cursor query
[ 18.64s] PASS  the app boots with every mode on
[ 18.64s] FAIL  the app is in the alternate screen  -- alt_screen=0, cursor_hidden=0, mouse_report=0, mouse_drag=0, mouse_sgr=0, bracketed_paste=0
[ 18.64s] FAIL  all three mouse modes are switched on  -- alt_screen=0, cursor_hidden=0, mouse_report=0, mouse_drag=0, mouse_sgr=0, bracketed_paste=0
[ 18.64s] FAIL  bracketed paste is on  -- alt_screen=0, cursor_hidden=0, mouse_report=0, mouse_drag=0, mouse_sgr=0, bracketed_paste=0
[ 18.64s] FAIL  the app hides the cursor for its own frames  -- never emitted ?25l -- alt_screen=0, cursor_hidden=0, mouse_report=0, mouse_drag=0, mouse_sgr=0, bracketed_paste=0
[ 18.94s] PASS  the app exits on Ctrl-Q with the whole mode set
[ 18.94s] PASS  exit code is 0
[ 18.94s] PASS  alt-screen quit: no alt_screen leave for a mode nothing switched on
[ 18.94s] FAIL  alt-screen quit: no cursor_hidden leave for a mode nothing switched on  -- emitted 2 leaves for a screen we never took
[ 18.94s] PASS  alt-screen quit: no mouse_report leave for a mode nothing switched on
[ 18.94s] PASS  alt-screen quit: no mouse_drag leave for a mode nothing switched on
[ 18.94s] PASS  alt-screen quit: no mouse_sgr leave for a mode nothing switched on
[ 18.94s] PASS  alt-screen quit: no bracketed_paste leave for a mode nothing switched on
[ 18.94s] PASS  alt-screen quit: the cursor is visible at the end
[ 18.94s] PASS  mouse modes are silent: nothing left to report a drag into the shell
[ 18.94s] FAIL  the app left the alternate screen
[ 18.94s] PASS  alt-screen quit: no cursor query after the hand-back
[ 18.94s] PASS  the tty is cooked again after exit
[ 18.94s] exited 0.30s after the quit key, code 0
[ 18.94s] === a full-screen child killed while it holds the screen ===
[ 18.95s]   pump saw ESC[6n cursor query
[ 23.18s] PASS  the child took the alternate screen through the passthrough
[ 25.57s] PASS  the app exits on Ctrl-Q while the child still holds the screen
[ 25.57s] PASS  exit code is 0
[ 25.57s] FAIL  not in the alternate screen after the exit  -- the user is still inside the dead program -- alt_screen=1, cursor_hidden=0, mouse_report=0, mouse_drag=0, mouse_sgr=0, bracketed_paste=0
[ 25.57s] FAIL  the alternate screen was left exactly once  -- 0 leaves for one screen
[ 25.57s] FAIL  the leave and the pane erase are both there to order
[ 25.57s] PASS  child-held screen: alt_screen was switched on
[ 25.57s] FAIL  child-held screen: alt_screen left exactly once  -- 0 leave sequences for a mode we took
[ 25.57s] FAIL  child-held screen: alt_screen is off at the end  -- still on -- alt_screen=1, cursor_hidden=0, mouse_report=0, mouse_drag=0, mouse_sgr=0, bracketed_paste=0
[ 25.57s] FAIL  child-held screen: cursor_hidden was switched on  -- 0 on-sequences
[ 25.57s] PASS  child-held screen: cursor_hidden is off at the end
[ 25.57s] PASS  child-held screen: no mouse_report leave for a mode nothing switched on
[ 25.57s] PASS  child-held screen: no mouse_drag leave for a mode nothing switched on
[ 25.57s] PASS  child-held screen: no mouse_sgr leave for a mode nothing switched on
[ 25.57s] PASS  child-held screen: no bracketed_paste leave for a mode nothing switched on
[ 25.57s] PASS  child-held screen: the cursor is visible at the end
[ 25.57s] PASS  the tty is cooked again after exit
[ 25.57s]   tee'd modes still on at exit: none
[ 25.57s] exited 2.39s after the quit key, code 0
[ 25.57s] === the whole mode set: SIGTERM with the ledger holding all ===
[ 25.58s]   pump saw ESC[6n cursor query
[ 27.78s] PASS  the app is up before SIGTERM
[ 27.78s] FAIL  the modes asked for are actually on (all)  -- alt_screen=0, cursor_hidden=0, mouse_report=0, mouse_drag=0, mouse_sgr=0, bracketed_paste=0
[ 28.09s] PASS  the app leaves on SIGTERM by itself
[ 28.09s] FAIL  exit code is 0 after SIGTERM  -- exit -15
[ 28.09s] PASS  the SIGTERM exit stayed inside the budget
[ 28.09s] PASS  SIGTERM exit: no alt_screen leave for a mode nothing switched on
[ 28.09s] FAIL  SIGTERM exit: no cursor_hidden leave for a mode nothing switched on  -- emitted 2 leaves for a screen we never took
[ 28.09s] PASS  SIGTERM exit: no mouse_report leave for a mode nothing switched on
[ 28.09s] PASS  SIGTERM exit: no mouse_drag leave for a mode nothing switched on
[ 28.09s] PASS  SIGTERM exit: no mouse_sgr leave for a mode nothing switched on
[ 28.09s] PASS  SIGTERM exit: no bracketed_paste leave for a mode nothing switched on
[ 28.09s] PASS  SIGTERM exit: the cursor is visible at the end
[ 28.09s] PASS  SIGTERM exit: no cursor query after the hand-back
[ 28.09s] FAIL  the tty is cooked again after SIGTERM
[ 28.09s] exited 0.31s after SIGTERM, code -15
[ 28.09s] === the plain inline run: SIGHUP with the ledger holding the default modes ===
[ 28.10s]   pump saw ESC[6n cursor query
[ 30.30s] PASS  the app is up before SIGHUP
[ 30.30s] FAIL  the modes asked for are actually on (None)  -- alt_screen=0, cursor_hidden=0, mouse_report=0, mouse_drag=0, mouse_sgr=0, bracketed_paste=0
[ 30.61s] PASS  the app leaves on SIGHUP by itself
[ 30.61s] FAIL  exit code is 0 after SIGHUP  -- exit -1
[ 30.61s] PASS  the SIGHUP exit stayed inside the budget
[ 30.61s] PASS  SIGHUP exit: no alt_screen leave for a mode nothing switched on
[ 30.61s] FAIL  SIGHUP exit: no cursor_hidden leave for a mode nothing switched on  -- emitted 2 leaves for a screen we never took
[ 30.61s] PASS  SIGHUP exit: no mouse_report leave for a mode nothing switched on
[ 30.61s] PASS  SIGHUP exit: no mouse_drag leave for a mode nothing switched on
[ 30.61s] PASS  SIGHUP exit: no mouse_sgr leave for a mode nothing switched on
[ 30.61s] PASS  SIGHUP exit: no bracketed_paste leave for a mode nothing switched on
[ 30.61s] PASS  SIGHUP exit: the cursor is visible at the end
[ 30.61s] PASS  SIGHUP exit: no cursor query after the hand-back
[ 30.61s] FAIL  the tty is cooked again after SIGHUP
[ 30.61s] exited 0.31s after SIGHUP, code -1
[ 30.61s] === a panic inside the draw: the ledger still leaves everything once ===
[ 30.62s]   pump saw ESC[6n cursor query
[ 38.93s] FAIL  the app is gone after panicking in the frame
[ 38.93s] FAIL  the exit code says something failed  -- exit None
[ 38.93s] FAIL  it panicked where the fault injector put it  -- no panic message on the wire
[ 38.93s] FAIL  the frame did get as far as switching the modes on  -- only switched on: []
[ 38.93s] PASS  panic in draw: no alt_screen leave for a mode nothing switched on
[ 38.93s] FAIL  panic in draw: no cursor_hidden leave for a mode nothing switched on  -- emitted 2 leaves for a screen we never took
[ 38.93s] PASS  panic in draw: no mouse_report leave for a mode nothing switched on
[ 38.93s] PASS  panic in draw: no mouse_drag leave for a mode nothing switched on
[ 38.93s] PASS  panic in draw: no mouse_sgr leave for a mode nothing switched on
[ 38.93s] PASS  panic in draw: no bracketed_paste leave for a mode nothing switched on
[ 38.93s] PASS  panic in draw: the cursor is visible at the end
[ 38.93s] PASS  panic in draw: no cursor query after the hand-back
[ 38.93s] FAIL  the tty is cooked again after the panic
[ 38.93s] exited code None with the whole mode set held at the moment of the panic
[ 38.93s] 85/112 checks passed
[ 38.93s] failed: the ledger's own bytes come before the closing newline, not after it; the app is in the alternate screen; all three mouse modes are switched on; bracketed paste is on; the app hides the cursor for its own frames; alt-screen quit: no cursor_hidden leave for a mode nothing switched on; the app left the alternate screen; not in the alternate screen after the exit; the alternate screen was left exactly once; the leave and the pane erase are both there to order; child-held screen: alt_screen left exactly once; child-held screen: alt_screen is off at the end; child-held screen: cursor_hidden was switched on; the modes asked for are actually on (all); exit code is 0 after SIGTERM; SIGTERM exit: no cursor_hidden leave for a mode nothing switched on; the tty is cooked again after SIGTERM; the modes asked for are actually on (None); exit code is 0 after SIGHUP; SIGHUP exit: no cursor_hidden leave for a mode nothing switched on; the tty is cooked again after SIGHUP; the app is gone after panicking in the frame; the exit code says something failed; it panicked where the fault injector put it; the frame did get as far as switching the modes on; panic in draw: no cursor_hidden leave for a mode nothing switched on; the tty is cooked again after the panic
