# shutdown-e2e-00u24 — captured 2026-10-09T10:22:47Z, tree f869707 (dirty tree: uncommitted changes on top of that commit)
# ran: python3 spikes/shutdown_e2e.py
[  0.06s] stale leftovers from earlier runs: 0 orphaned process(es) killed, 0 generated rc file(s) removed
[  0.06s] PASS  stale leftovers from earlier runs: everything the reaper took is really gone
[  0.06s] === quit mid-stream: the answer is on screen, then the app is gone ===
[  0.06s] spawned target/debug/looprs (pid 2663) in a 44x100 pty
[  1.57s] PASS  the app boots and is alive
[  4.49s] PASS  the answer is streaming into the live region
[  4.84s] PASS  the app exits on Ctrl-Q
[  4.85s] PASS  exit code is 0
[  4.85s] PASS  no 'cursor position could not be read' anywhere in the run
[  4.85s] PASS  the run opened by taking the alternate screen and painted nothing before it
[  4.85s] PASS  no pane erase is written anywhere in the run: the erase went out with the pane
[  4.85s] PASS  no cursor query in the whole run — a full-screen frame never has to ask the terminal where the cursor is
[  4.85s] PASS  the alternate screen is left, and nothing at all is written after it
[  4.85s] PASS  nothing visible was lost: the answer was painted on the screen the frame left
[  4.85s] PASS  inline quit: alt_screen was switched on
[  4.85s] PASS  inline quit: alt_screen left exactly once
[  4.85s] PASS  inline quit: alt_screen is off at the end
[  4.85s] PASS  inline quit: cursor_hidden was switched on
[  4.85s] PASS  inline quit: cursor_hidden is off at the end
[  4.85s] PASS  inline quit: mouse_report was switched on
[  4.85s] PASS  inline quit: mouse_report left exactly once
[  4.85s] PASS  inline quit: mouse_report is off at the end
[  4.85s] PASS  inline quit: mouse_drag was switched on
[  4.85s] PASS  inline quit: mouse_drag left exactly once
[  4.85s] PASS  inline quit: mouse_drag is off at the end
[  4.85s] PASS  inline quit: mouse_sgr was switched on
[  4.85s] PASS  inline quit: mouse_sgr left exactly once
[  4.85s] PASS  inline quit: mouse_sgr is off at the end
[  4.85s] PASS  inline quit: no bracketed_paste leave for a mode nothing switched on
[  4.85s] PASS  inline quit: the cursor is visible at the end
[  4.85s] PASS  the tty is cooked again after exit
[  4.91s] PASS  no bash from the generated rcfile survived
[  4.94s] PASS  no fake pi survived the app
[  4.97s] PASS  nothing else this run spawned outlived the app
[  4.97s] exited 0.36s after the quit key, code 0
[  4.97s] === quit with a Bash child running: the shell goes with the app ===
[  8.80s] PASS  the shell is up and busy
[  8.98s] PASS  this run's shell and its busy child are both recorded
[ 11.42s] PASS  the app exits on Ctrl-Q with a busy shell
[ 11.42s] PASS  exit code is 0
[ 11.42s] PASS  the exit stayed inside the budget
[ 11.48s] PASS  no shell from our rcfile outlived the app
[ 11.51s] PASS  no stray `sleep 30` from that shell
[ 11.54s] PASS  nothing else this run spawned outlived the app
[ 11.54s] PASS  the tty is cooked again after exit
[ 11.54s] PASS  no 'could not be read' error at the end of the run
[ 11.54s] === a child that will not stop: the budget has to be the answer ===
[ 14.73s] PASS  the wedged child is up
[ 17.08s] PASS  the app exits even with a child that ignores everything
[ 17.08s] PASS  exit code is 0
[ 17.08s] PASS  the exit stayed inside the 8.0s budget
[ 17.13s] PASS  the wedged child was killed, not left behind
[ 17.17s] PASS  nothing else this run spawned outlived the app
[ 17.17s] PASS  the tty is cooked again after exit
[ 17.17s] exited 2.35s after the quit key against a child that ignored SIGTERM
[ 17.17s] === the leak check against a real leak: SIGKILL the app over a live shell ===
[ 21.13s] PASS  the ledger recorded the live shell this run spawned
[ 21.13s] PASS  the ledger recorded the busy child inside that shell too
[ 21.13s]   SIGKILLing pid 2791: no `Drop`, no `kill_and_reap`, nothing on the cleanup path runs at all
[ 21.70s] PASS  the scoped leak check fires on a child the run really left behind
[ 21.74s] PASS  it names the shell from this run's generated rc file, by the pid it recorded
[ 21.77s] PASS  it names the shell's own busy child along with it
[ 21.77s]   leaked and named: 2811(/bin/bash --rcfile /var/folders/17/zpwmvyzd1bdc4lkjs6x0_r6c0000gn/T/looprs-bash-integration-2791-0.sh -i), 2812(sleep 45)
[ 21.88s] PASS  the self-test reaped what it leaked
[ 21.88s] reaped 2 process(es) the self-test had leaked on purpose
[ 21.88s] === the whole mode set: alt screen, mouse, bracketed paste, hidden cursor ===
[ 23.90s] PASS  the app boots with every mode on
[ 23.90s] PASS  the app is in the alternate screen
[ 23.90s] PASS  all three mouse modes are switched on
[ 23.90s] PASS  bracketed paste is on
[ 23.90s] PASS  the app hides the cursor for its own frames
[ 24.27s] PASS  the app exits on Ctrl-Q with the whole mode set
[ 24.27s] PASS  exit code is 0
[ 24.27s] PASS  alt-screen quit: alt_screen was switched on
[ 24.27s] PASS  alt-screen quit: alt_screen left exactly once
[ 24.27s] PASS  alt-screen quit: alt_screen is off at the end
[ 24.27s] PASS  alt-screen quit: cursor_hidden was switched on
[ 24.27s] PASS  alt-screen quit: cursor_hidden is off at the end
[ 24.27s] PASS  alt-screen quit: mouse_report was switched on
[ 24.27s] PASS  alt-screen quit: mouse_report left exactly once
[ 24.27s] PASS  alt-screen quit: mouse_report is off at the end
[ 24.27s] PASS  alt-screen quit: mouse_drag was switched on
[ 24.27s] PASS  alt-screen quit: mouse_drag left exactly once
[ 24.27s] PASS  alt-screen quit: mouse_drag is off at the end
[ 24.27s] PASS  alt-screen quit: mouse_sgr was switched on
[ 24.27s] PASS  alt-screen quit: mouse_sgr left exactly once
[ 24.27s] PASS  alt-screen quit: mouse_sgr is off at the end
[ 24.27s] PASS  alt-screen quit: bracketed_paste was switched on
[ 24.27s] PASS  alt-screen quit: bracketed_paste left exactly once
[ 24.27s] PASS  alt-screen quit: bracketed_paste is off at the end
[ 24.27s] PASS  alt-screen quit: the cursor is visible at the end
[ 24.27s] PASS  mouse modes are silent: nothing left to report a drag into the shell
[ 24.27s] PASS  the app left the alternate screen
[ 24.27s] PASS  the alternate-screen leave is the last thing the app wrote
[ 24.27s] PASS  alt-screen quit: no cursor query after the hand-back
[ 24.27s] PASS  the tty is cooked again after exit
[ 24.33s] PASS  nothing this run spawned survived the whole-mode-set quit
[ 24.33s] exited 0.37s after the quit key, code 0
[ 24.33s] === a full-screen child killed while it holds the screen ===
[ 28.55s] PASS  the run is on the alternate screen while the child holds it — the frame's screen, not the child's
[ 31.02s] PASS  the app exits on Ctrl-Q while the child still holds the screen
[ 31.02s] PASS  exit code is 0
[ 31.02s] PASS  not in the alternate screen after the exit
[ 31.02s] PASS  the alternate screen was left exactly once
[ 31.02s] PASS  the child's `?1049h` never reached the wire: one enter for the run, the app's own
[ 31.02s] PASS  no pane erase is written on the way out: the inline pane is gone, and so is its erase
[ 31.02s] PASS  no cursor query anywhere: nothing on this path has to ask where the cursor is
[ 31.02s] PASS  the run ends on the app's own leave: nothing after the alternate screen
[ 31.02s] PASS  child-held screen: alt_screen was switched on
[ 31.02s] PASS  child-held screen: alt_screen left exactly once
[ 31.02s] PASS  child-held screen: alt_screen is off at the end
[ 31.02s] PASS  child-held screen: cursor_hidden was switched on
[ 31.02s] PASS  child-held screen: cursor_hidden is off at the end
[ 31.02s] PASS  child-held screen: mouse_report was switched on
[ 31.02s] PASS  child-held screen: mouse_report left exactly once
[ 31.02s] PASS  child-held screen: mouse_report is off at the end
[ 31.02s] PASS  child-held screen: mouse_drag was switched on
[ 31.02s] PASS  child-held screen: mouse_drag left exactly once
[ 31.02s] PASS  child-held screen: mouse_drag is off at the end
[ 31.02s] PASS  child-held screen: mouse_sgr was switched on
[ 31.02s] PASS  child-held screen: mouse_sgr left exactly once
[ 31.02s] PASS  child-held screen: mouse_sgr is off at the end
[ 31.02s] PASS  child-held screen: no bracketed_paste leave for a mode nothing switched on
[ 31.02s] PASS  child-held screen: the cursor is visible at the end
[ 31.02s] PASS  the tty is cooked again after exit
[ 31.02s]   tee'd modes still on at exit: none
[ 31.08s] PASS  no child of this run survived the child-held-screen exit
[ 31.08s] exited 2.46s after the quit key, code 0
[ 31.08s] === the whole mode set: SIGTERM with the ledger holding all ===
[ 33.29s] PASS  the app is up before SIGTERM
[ 33.29s] PASS  the modes asked for are actually on (all)
[ 33.65s] PASS  the app leaves on SIGTERM by itself
[ 33.65s] PASS  exit code is 0 after SIGTERM
[ 33.65s] PASS  the SIGTERM exit stayed inside the budget
[ 33.65s] PASS  SIGTERM exit: alt_screen was switched on
[ 33.65s] PASS  SIGTERM exit: alt_screen left exactly once
[ 33.65s] PASS  SIGTERM exit: alt_screen is off at the end
[ 33.65s] PASS  SIGTERM exit: cursor_hidden was switched on
[ 33.65s] PASS  SIGTERM exit: cursor_hidden is off at the end
[ 33.65s] PASS  SIGTERM exit: mouse_report was switched on
[ 33.65s] PASS  SIGTERM exit: mouse_report left exactly once
[ 33.65s] PASS  SIGTERM exit: mouse_report is off at the end
[ 33.65s] PASS  SIGTERM exit: mouse_drag was switched on
[ 33.65s] PASS  SIGTERM exit: mouse_drag left exactly once
[ 33.65s] PASS  SIGTERM exit: mouse_drag is off at the end
[ 33.65s] PASS  SIGTERM exit: mouse_sgr was switched on
[ 33.65s] PASS  SIGTERM exit: mouse_sgr left exactly once
[ 33.65s] PASS  SIGTERM exit: mouse_sgr is off at the end
[ 33.65s] PASS  SIGTERM exit: bracketed_paste was switched on
[ 33.65s] PASS  SIGTERM exit: bracketed_paste left exactly once
[ 33.65s] PASS  SIGTERM exit: bracketed_paste is off at the end
[ 33.65s] PASS  SIGTERM exit: the cursor is visible at the end
[ 33.65s] PASS  SIGTERM exit: no cursor query after the hand-back
[ 33.65s] PASS  the tty is cooked again after SIGTERM
[ 33.71s] PASS  nothing this run spawned survived the SIGTERM exit
[ 33.71s] exited 0.36s after SIGTERM, code 0
[ 33.71s] === the plain inline run: SIGHUP with the ledger holding the default modes ===
[ 35.92s] PASS  the app is up before SIGHUP
[ 35.92s] PASS  the modes asked for are actually on (None)
[ 36.27s] PASS  the app leaves on SIGHUP by itself
[ 36.27s] PASS  exit code is 0 after SIGHUP
[ 36.27s] PASS  the SIGHUP exit stayed inside the budget
[ 36.27s] PASS  SIGHUP exit: alt_screen was switched on
[ 36.27s] PASS  SIGHUP exit: alt_screen left exactly once
[ 36.27s] PASS  SIGHUP exit: alt_screen is off at the end
[ 36.27s] PASS  SIGHUP exit: cursor_hidden was switched on
[ 36.27s] PASS  SIGHUP exit: cursor_hidden is off at the end
[ 36.27s] PASS  SIGHUP exit: mouse_report was switched on
[ 36.27s] PASS  SIGHUP exit: mouse_report left exactly once
[ 36.27s] PASS  SIGHUP exit: mouse_report is off at the end
[ 36.27s] PASS  SIGHUP exit: mouse_drag was switched on
[ 36.27s] PASS  SIGHUP exit: mouse_drag left exactly once
[ 36.27s] PASS  SIGHUP exit: mouse_drag is off at the end
[ 36.27s] PASS  SIGHUP exit: mouse_sgr was switched on
[ 36.27s] PASS  SIGHUP exit: mouse_sgr left exactly once
[ 36.27s] PASS  SIGHUP exit: mouse_sgr is off at the end
[ 36.27s] PASS  SIGHUP exit: no bracketed_paste leave for a mode nothing switched on
[ 36.27s] PASS  SIGHUP exit: the cursor is visible at the end
[ 36.27s] PASS  SIGHUP exit: no cursor query after the hand-back
[ 36.27s] PASS  the tty is cooked again after SIGHUP
[ 36.32s] PASS  nothing this run spawned survived the SIGHUP exit
[ 36.32s] exited 0.35s after SIGHUP, code 0
[ 36.33s] === a panic inside the draw: the ledger still leaves everything once ===
[ 36.66s] PASS  the app is gone after panicking in the frame
[ 36.66s] PASS  the exit code says something failed
[ 36.66s] PASS  it panicked where the fault injector put it
[ 36.66s] PASS  the frame did get as far as switching the modes on
[ 36.66s] PASS  panic in draw: alt_screen was switched on
[ 36.66s] PASS  panic in draw: alt_screen left exactly once
[ 36.66s] PASS  panic in draw: alt_screen is off at the end
[ 36.66s] PASS  panic in draw: cursor_hidden was switched on
[ 36.66s] PASS  panic in draw: cursor_hidden is off at the end
[ 36.66s] PASS  panic in draw: mouse_report was switched on
[ 36.66s] PASS  panic in draw: mouse_report left exactly once
[ 36.66s] PASS  panic in draw: mouse_report is off at the end
[ 36.66s] PASS  panic in draw: mouse_drag was switched on
[ 36.66s] PASS  panic in draw: mouse_drag left exactly once
[ 36.66s] PASS  panic in draw: mouse_drag is off at the end
[ 36.66s] PASS  panic in draw: mouse_sgr was switched on
[ 36.66s] PASS  panic in draw: mouse_sgr left exactly once
[ 36.66s] PASS  panic in draw: mouse_sgr is off at the end
[ 36.66s] PASS  panic in draw: bracketed_paste was switched on
[ 36.66s] PASS  panic in draw: bracketed_paste left exactly once
[ 36.66s] PASS  panic in draw: bracketed_paste is off at the end
[ 36.66s] PASS  panic in draw: the cursor is visible at the end
[ 36.66s] PASS  panic in draw: no cursor query after the hand-back
[ 36.66s] PASS  the tty is cooked again after the panic
[ 36.72s] PASS  nothing this run spawned survived the panic
[ 36.72s] exited code 101 with the whole mode set held at the moment of the panic
[ 36.75s] this run recorded 16 child process(es); 0 still running at the end
[ 36.75s] PASS  nothing this run spawned is still running when the spike finishes
[ 36.81s] this run's own leftovers: 0 orphaned process(es) killed, 1 generated rc file(s) removed
[ 36.81s]   removed /var/folders/17/zpwmvyzd1bdc4lkjs6x0_r6c0000gn/T/looprs-bash-integration-2791-0.sh
[ 36.81s] PASS  this run's own leftovers: everything the reaper took is really gone
[ 36.81s] 189/189 checks passed
