[  0.00s] spawned target/debug/looprs (pid 79797) in a 44x100 pty
[  1.21s] PASS  the app boots and is alive
[  2.03s] PASS  Tab reaches the Bash mode
[  4.04s] PASS  Bash mode puts 60 lines of shell output on the screen
[  4.04s] PASS  …and nothing is painted below the bottom of the window
[  4.86s] PASS  Tab reaches the Pi mode
[  7.88s]   (raw capture -> /tmp/spike-raw.txt)
[  7.88s]   live rows early window: [37, 38, 39, 40, 41]
[  7.88s]   live rows later window: [25, 26, 27, 28, 29, 30, 31, 32, 33, 34, 35, 36, 37, 38, 39, 40, 41]
[  7.88s]   answer rows on screen so far: 17
[  7.88s] PASS  a long streamed answer uses more than the old 10 rows
[  7.88s] PASS  …and it grew into them rather than starting full size
[  7.88s] PASS  …and the live rows are contiguous
[  7.88s]   window resized to 30x80
[  7.94s] PASS  the app survives a resize during a live stream
[  7.94s] PASS  …and it repaints text after the resize
[  7.94s]   first text paint 60ms after the resize
[  9.15s]   rows painted since then: [0, 1, 2, 3, 4, 5, 6, 7, 8, 9, 10, 11, 12, 13, 14, 15, 16, 17, 18, 19, 20, 21, 22, 23, 24, 25, 26, 27, 28, 29]
[  9.15s]   answer rows among them: [4, 5, 6, 7, 8, 9, 10, 11, 12, 13, 14, 15, 16, 17, 18, 19, 20, 21, 22, 23, 24, 25, 26, 27]
[  9.15s] PASS  …and the streamed answer is still on screen after the resize
[  9.15s] PASS  …and the app is still alive
[ 10.66s] PASS  …and the live region keeps following the stream at the new size
[ 10.66s] PASS  …and the frames keep coming
[ 10.66s] PASS  …and the app is still alive at the end
[ 11.87s] PASS  Ctrl-Q quits
[ 11.87s] 16/16 checks passed
