BIN=/tmp/looprs-baseline  rows=40 cols=100
chunks=538 (carrying content: 154)  partial erases (ESC[J / ESC[0J)=26  whole-screen clears (ESC[2J)=0  answer reached row 39

erase timeline:
  chunk   16  mode ESC[J  top row    6  hole    2.01 ms   <-- OVER BUDGET
  chunk   33  mode ESC[J  top row    6  hole    1.97 ms   <-- OVER BUDGET
  chunk   50  mode ESC[J  top row    6  hole    1.92 ms   <-- OVER BUDGET
  chunk   66  mode ESC[J  top row    6  hole    2.12 ms   <-- OVER BUDGET
  chunk   84  mode ESC[J  top row    6  hole    2.26 ms   <-- OVER BUDGET
  chunk  102  mode ESC[J  top row    6  hole    2.46 ms   <-- OVER BUDGET
  chunk  120  mode ESC[J  top row    6  hole    2.37 ms   <-- OVER BUDGET
  chunk  141  mode ESC[J  top row    6  hole    2.44 ms   <-- OVER BUDGET
  chunk  162  mode ESC[J  top row    6  hole    2.59 ms   <-- OVER BUDGET
  chunk  182  mode ESC[J  top row    6  hole    2.46 ms   <-- OVER BUDGET
  chunk  201  mode ESC[J  top row    6  hole    2.57 ms   <-- OVER BUDGET
  chunk  223  mode ESC[J  top row    6  hole    2.71 ms   <-- OVER BUDGET
  chunk  246  mode ESC[J  top row    6  hole    2.69 ms   <-- OVER BUDGET
  chunk  268  mode ESC[J  top row    6  hole    2.77 ms   <-- OVER BUDGET
  chunk  288  mode ESC[J  top row    6  hole    2.84 ms   <-- OVER BUDGET
  chunk  309  mode ESC[J  top row    6  hole    3.13 ms   <-- OVER BUDGET
  chunk  331  mode ESC[J  top row    6  hole    2.94 ms   <-- OVER BUDGET
  chunk  354  mode ESC[J  top row    6  hole    3.20 ms   <-- OVER BUDGET
  chunk  379  mode ESC[J  top row    6  hole    3.23 ms   <-- OVER BUDGET
  chunk  402  mode ESC[J  top row    6  hole    3.37 ms   <-- OVER BUDGET
  chunk  427  mode ESC[J  top row    6  hole    3.46 ms   <-- OVER BUDGET
  chunk  449  mode ESC[J  top row    6  hole    3.40 ms   <-- OVER BUDGET
  chunk  472  mode ESC[J  top row    6  hole    3.50 ms   <-- OVER BUDGET
  chunk  495  mode ESC[J  top row    6  hole    3.28 ms   <-- OVER BUDGET
  chunk  522  mode ESC[J  top row    6  hole    3.03 ms   <-- OVER BUDGET

blank window: min=1.92  p50=2.71  p90=3.40  max=3.50 ms

  FAIL  no partial erase on the wire: the frame never clears below the cursor   [26 `ESC[J`-shaped erases — that is the inline pane's shape and it should be gone (see spikes/results/flash-e2e-control.log)]
  PASS  every whole-screen clear got replacement content inside 1.5 ms   [0 of 0 clears left the screen blank longer]
  PASS  the stream actually ran (154 chunks carried content)   [too little came down the wire to have measured anything]
  PASS  the answer spread past the old 10-row viewport (reached row 39)   [deepest painted row 39]

3/4
