[  0.00s] == group untouched: an idle drag in a pty with no controlling terminal ==
[  1.51s] PASS  the app boots (bare)
[  2.47s] PASS  Tab reaches Bash (bare)
[  2.47s] PASS  …and the frame is at the starting width
[  3.98s] PASS  untouched wide: the app was idle before the drag [bare]
[  4.39s] FAIL  untouched wide: the drag repaints [bare]  -- nothing painted within 400ms of the TIOCSWINSZ
[  4.39s]   untouched wide: no repaint; screen at 30x120:
  0|
  1|
  2|
  3|
  4|
  5|
  6|
  7|
  8|
  9|
 10|
 11|
 12|
 13|
 14|
 15|
 16|
 17|
 18|
 19|
 20|
 21|
 22|
 23|
 24|
 25|
 26|
 27|
 28|
 29|
[  4.39s] PASS  untouched: nothing on the wire is a cursor query
[  4.44s] == group attached: an idle drag with a real controlling terminal ==
[  5.96s] PASS  the app boots (attached)
[  6.93s] PASS  Tab reaches Bash (attached)
[  8.44s] PASS  attached wide: the app was idle before the drag [attached]
[  8.45s] PASS  attached wide: the drag repaints [attached]
[  8.45s]   attached wide: first byte 5.3ms after the drag
[  8.85s] PASS  attached wide: the repaint reaches the new right edge [attached]
[  8.85s] PASS  attached wide: the input box's border lands on the new edge [attached]
[  8.85s] PASS  attached wide: the app is alive after the drag [attached]
[ 10.36s] PASS  attached wide: the app settles back to silence after the repaint [attached]
[ 10.36s] PASS  attached: nothing on the wire is a cursor query
[ 10.42s] == group rewrap: settled prose re-wraps into the narrower window ==
[ 10.42s] PASS  the app boots (bare)
[ 11.03s] PASS  Tab reaches Pi
[ 11.32s] PASS  the prose fits ONE row at 120 columns (head and tail together)
[ 12.82s] PASS  …and it is settled content, not the live tail
[ 13.23s] FAIL  a narrowing drag repaints settled prose [bare]  -- nothing painted after the drag
[ 13.30s] == group drag: a burst of resizes, like a hand on the window edge ==
[ 14.81s] PASS  the app boots (bare)
[ 15.78s] PASS  Tab reaches Bash (bare)
[ 17.29s] PASS  …and it is idle before the drag
[ 17.97s] FAIL  the burst paints [bare]  -- not one byte in 400ms of six resizes
[ 18.03s] == group scrolled: a drag with the transcript scrolled up ==
[ 19.54s] PASS  the app boots (bare)
[ 20.50s] PASS  Tab reaches Bash (bare)
[ 20.62s] PASS  PageUp moves the view off the tail
[ 22.13s] PASS  …and the app is idle while the user reads
[ 22.54s] FAIL  a drag repaints while the transcript is scrolled up [bare]  -- nothing painted while the view was off the tail
[ 22.54s] PASS  …and the app is alive
[ 22.95s] FAIL  …and the repaint is at the narrow width  -- -1
[ 23.00s] PASS  …and End still reaches the tail across the resize
[ 24.51s] PASS  scrolled: the app settles back to silence after the repaint [bare]
[ 24.51s] PASS  scrolled: nothing on the wire is a cursor query
[ 24.56s] == group held: a drag while a full-screen program has the screen ==
[ 26.07s] PASS  the app boots (bare)
[ 27.04s] PASS  Tab reaches Bash (bare)
[ 27.10s] PASS  the full-screen program took the screen
[ 27.10s]   window dragged while the child holds the screen
[ 33.11s]   the child reported: 'HELDSIZE 30 100                                                                          5i/hold.sh'
[ 33.11s] FAIL  the held child's OWN pty was resized to the new window  -- the child says ('30', '100'), the window is 30x120
[ 33.11s] PASS  …and the app repaints its own frame when the child hands the screen back
[ 33.11s] PASS  …and the app is alive
[ 34.62s] PASS  held: the app settles back to silence after the repaint [bare]
[ 34.62s] PASS  held: nothing on the wire is a cursor query
[ 34.69s] 36/42 checks passed  (binary: /tmp/pdl15-target/debug/looprs)
[ 34.69s] failed: untouched wide: the drag repaints [bare]; a narrowing drag repaints settled prose [bare]; the burst paints [bare]; a drag repaints while the transcript is scrolled up [bare]; …and the repaint is at the narrow width; the held child's OWN pty was resized to the new window
[ 34.69s] control: 5 repaint-claim checks ran; 0 of them passed against a binary with no window poll
[ 34.69s] CONTROL OK: no repaint claim survives on the pre-pdl.15 bare harness, so the passing run measures the size ioctl and not merely a running app
