[  0.00s] === quit mid-stream: the answer is on screen, then the app is gone ===
[  0.00s] spawned /tmp/base-target/debug/looprs (pid 34836) in a 44x100 pty
[  0.01s]   pump saw ESC[6n cursor query
[  1.51s] PASS  the app boots and is alive
[  2.15s]   pump saw ESC[6n cursor query
[  2.38s]   pump saw ESC[6n cursor query
[  2.62s]   pump saw ESC[6n cursor query
[  2.84s]   pump saw ESC[6n cursor query
[  3.07s]   pump saw ESC[6n cursor query
[  3.29s]   pump saw ESC[6n cursor query
[  3.51s]   pump saw ESC[6n cursor query
[  3.74s]   pump saw ESC[6n cursor query
[  3.98s]   pump saw ESC[6n cursor query
[  4.20s]   pump saw ESC[6n cursor query
[  4.43s]   pump saw ESC[6n cursor query
[  4.44s] PASS  the answer is streaming into the live region
[  4.44s]   pump saw ESC[6n cursor query
[  4.75s] PASS  the app exits on Ctrl-Q
[  4.75s] PASS  exit code is 0
[  4.75s] FAIL  no cursor query on the exit path  -- the exit path asked the terminal where the cursor is
[  4.76s] PASS  no 'cursor position could not be read' anywhere in the run
[  4.76s] PASS  the live pane is erased on the way out
[  4.76s] FAIL  nothing on screen was lost: the live tail was flushed ABOVE the erase line  -- 0 answer rows above row 1 — the rest went with the pane
[  4.76s] FAIL  exactly one closing newline after the erase (no doubled prompt)  -- trailing bytes after the erase: '\x1b[2;1H\r\n^[[2;1R^[[20;1R^[[2;1R^[[2;1R^[[20;1R'
[  4.76s] PASS  the tty is cooked again after exit
[  4.80s] PASS  no bash from the generated rcfile survived
[  4.85s] PASS  no fake pi survived the app
[  4.85s] exited 0.32s after the quit key, code 0
[  4.85s] === quit with a Bash child running: the shell goes with the app ===
[  4.86s]   pump saw ESC[6n cursor query
[  8.68s] PASS  the shell is up and busy
[ 10.69s]   pump saw ESC[6n cursor query
[ 11.10s] PASS  the app exits on Ctrl-Q with a busy shell
[ 11.10s] PASS  exit code is 0
[ 11.10s] PASS  the exit stayed inside the budget
[ 11.18s] PASS  no shell from our rcfile outlived the app
[ 11.20s] PASS  no stray `sleep 30` from that shell
[ 11.20s] PASS  the tty is cooked again after exit
[ 11.20s] PASS  no 'could not be read' error at the end of the run
[ 11.20s] === a child that will not stop: the budget has to be the answer ===
[ 11.21s]   pump saw ESC[6n cursor query
[ 14.37s] PASS  the wedged child is up
[ 16.38s]   pump saw ESC[6n cursor query
[ 16.75s] PASS  the app exits even with a child that ignores everything
[ 16.75s] PASS  exit code is 0
[ 16.75s] PASS  the exit stayed inside the 8.0s budget
[ 16.82s] PASS  the wedged child was killed, not left behind
[ 16.82s] PASS  the tty is cooked again after exit
[ 16.82s] exited 2.37s after the quit key against a child that ignored SIGTERM
[ 16.82s] 23/26 checks passed
[ 16.82s] failed: no cursor query on the exit path; nothing on screen was lost: the live tail was flushed ABOVE the erase line; exactly one closing newline after the erase (no doubled prompt)
