[  0.00s] === quit mid-stream: the answer is on screen, then the app is gone ===
[  0.00s] spawned target/debug/looprs (pid 69756) in a 44x100 pty
[  0.01s]   pump saw ESC[6n cursor query
[  1.51s] PASS  the app boots and is alive
[  2.16s]   pump saw ESC[6n cursor query
[  2.38s]   pump saw ESC[6n cursor query
[  2.60s]   pump saw ESC[6n cursor query
[  2.85s]   pump saw ESC[6n cursor query
[  3.07s]   pump saw ESC[6n cursor query
[  3.29s]   pump saw ESC[6n cursor query
[  3.52s]   pump saw ESC[6n cursor query
[  3.74s]   pump saw ESC[6n cursor query
[  3.96s]   pump saw ESC[6n cursor query
[  4.19s]   pump saw ESC[6n cursor query
[  4.41s]   pump saw ESC[6n cursor query
[  4.44s] PASS  the answer is streaming into the live region
[  4.77s] PASS  the app exits on Ctrl-Q
[  4.77s] PASS  exit code is 0
[  4.77s] PASS  no cursor query on the exit path
[  4.77s] PASS  no 'cursor position could not be read' anywhere in the run
[  4.77s] PASS  the live pane is erased on the way out
[  4.77s] PASS  nothing on screen was lost: the live tail was flushed ABOVE the erase line
[  4.78s] FAIL  exactly one closing newline after the erase (no doubled prompt)  -- trailing bytes after the erase: '\r\n\x1b[?25h^[[2;1R^[[2;1R'
[  4.78s] PASS  the tty is cooked again after exit
[  4.81s] PASS  no bash from the generated rcfile survived
[  4.86s] PASS  no fake pi survived the app
[  4.86s] exited 0.33s after the quit key, code 0
[  4.86s] === quit with a Bash child running: the shell goes with the app ===
[  4.87s]   pump saw ESC[6n cursor query
[  8.69s] PASS  the shell is up and busy
[ 11.11s] PASS  the app exits on Ctrl-Q with a busy shell
[ 11.11s] PASS  exit code is 0
[ 11.11s] PASS  the exit stayed inside the budget
[ 11.18s] PASS  no shell from our rcfile outlived the app
[ 11.20s] PASS  no stray `sleep 30` from that shell
[ 11.20s] PASS  the tty is cooked again after exit
[ 11.20s] PASS  no 'could not be read' error at the end of the run
[ 11.20s] === a child that will not stop: the budget has to be the answer ===
[ 11.21s]   pump saw ESC[6n cursor query
[ 14.37s] PASS  the wedged child is up
[ 16.68s] PASS  the app exits even with a child that ignores everything
[ 16.68s] PASS  exit code is 0
[ 16.68s] PASS  the exit stayed inside the 8.0s budget
[ 16.75s] PASS  the wedged child was killed, not left behind
[ 16.75s] PASS  the tty is cooked again after exit
[ 16.75s] exited 2.31s after the quit key against a child that ignored SIGTERM
[ 16.75s] 25/26 checks passed
[ 16.75s] failed: exactly one closing newline after the erase (no doubled prompt)
